Archive member included to satisfy reference by file (symbol)

/opt/gcc-arm/bin/../lib/gcc/arm-none-eabi/10.3.1/../../../../arm-none-eabi/lib/thumb/v7e-m+fp/hard/libc_nano.a(lib_a-exit.o)
                              /opt/gcc-arm/bin/../lib/gcc/arm-none-eabi/10.3.1/../../../../arm-none-eabi/lib/thumb/v7e-m+fp/hard/crt0.o (exit)
/opt/gcc-arm/bin/../lib/gcc/arm-none-eabi/10.3.1/../../../../arm-none-eabi/lib/thumb/v7e-m+fp/hard/libc_nano.a(lib_a-impure.o)
                              /opt/gcc-arm/bin/../lib/gcc/arm-none-eabi/10.3.1/../../../../arm-none-eabi/lib/thumb/v7e-m+fp/hard/libc_nano.a(lib_a-exit.o) (_global_impure_ptr)
/opt/gcc-arm/bin/../lib/gcc/arm-none-eabi/10.3.1/../../../../arm-none-eabi/lib/thumb/v7e-m+fp/hard/libc_nano.a(lib_a-init.o)
                              /opt/gcc-arm/bin/../lib/gcc/arm-none-eabi/10.3.1/../../../../arm-none-eabi/lib/thumb/v7e-m+fp/hard/crt0.o (__libc_init_array)
/opt/gcc-arm/bin/../lib/gcc/arm-none-eabi/10.3.1/../../../../arm-none-eabi/lib/thumb/v7e-m+fp/hard/libc_nano.a(lib_a-memset.o)
                              /opt/gcc-arm/bin/../lib/gcc/arm-none-eabi/10.3.1/../../../../arm-none-eabi/lib/thumb/v7e-m+fp/hard/crt0.o (memset)

Discarded input sections

 .group         0x0000000000000000        0xc main.o
 .group         0x0000000000000000        0xc main.o
 .group         0x0000000000000000        0xc main.o
 .group         0x0000000000000000        0xc main.o
 .group         0x0000000000000000        0xc main.o
 .group         0x0000000000000000        0xc main.o
 .group         0x0000000000000000        0xc main.o
 .group         0x0000000000000000        0xc main.o
 .group         0x0000000000000000        0xc main.o
 .group         0x0000000000000000        0xc main.o
 .group         0x0000000000000000        0xc main.o
 .group         0x0000000000000000        0xc main.o
 .group         0x0000000000000000        0xc main.o
 .group         0x0000000000000000        0xc main.o
 .group         0x0000000000000000        0xc main.o
 .group         0x0000000000000000        0xc main.o
 .group         0x0000000000000000        0xc main.o
 .group         0x0000000000000000        0xc main.o
 .group         0x0000000000000000        0xc main.o
 .group         0x0000000000000000        0xc main.o
 .group         0x0000000000000000        0xc main.o
 .group         0x0000000000000000        0xc main.o
 .group         0x0000000000000000        0xc main.o
 .group         0x0000000000000000        0xc main.o
 .group         0x0000000000000000        0xc main.o
 .group         0x0000000000000000        0xc main.o
 .group         0x0000000000000000        0xc main.o
 .group         0x0000000000000000        0xc main.o
 .group         0x0000000000000000        0xc stm32_startup.o
 .group         0x0000000000000000        0xc stm32_startup.o
 .group         0x0000000000000000        0xc stm32_startup.o
 .group         0x0000000000000000        0xc stm32_startup.o
 .group         0x0000000000000000        0xc stm32_startup.o
 .group         0x0000000000000000        0xc stm32_startup.o
 .group         0x0000000000000000        0xc stm32_startup.o
 .debug_macro   0x0000000000000000      0xa6c stm32_startup.o
 .debug_macro   0x0000000000000000       0x22 stm32_startup.o
 .debug_macro   0x0000000000000000       0x56 stm32_startup.o
 .debug_macro   0x0000000000000000       0x51 stm32_startup.o
 .debug_macro   0x0000000000000000      0x103 stm32_startup.o
 .debug_macro   0x0000000000000000       0x6a stm32_startup.o
 .debug_macro   0x0000000000000000      0x1df stm32_startup.o

Memory Configuration

Name             Origin             Length             Attributes
FLASH            0x0000000008000000 0x0000000000100000 xr
SRAM1            0x0000000020000000 0x0000000000018000 xrw
SRAM2            0x0000000010000000 0x0000000000008000 xrw
*default*        0x0000000000000000 0xffffffffffffffff

Linker script and memory map

LOAD /opt/gcc-arm/bin/../lib/gcc/arm-none-eabi/10.3.1/thumb/v7e-m+fp/hard/crti.o
LOAD /opt/gcc-arm/bin/../lib/gcc/arm-none-eabi/10.3.1/thumb/v7e-m+fp/hard/crtbegin.o
LOAD /opt/gcc-arm/bin/../lib/gcc/arm-none-eabi/10.3.1/../../../../arm-none-eabi/lib/thumb/v7e-m+fp/hard/crt0.o
LOAD main.o
LOAD stm32_startup.o
START GROUP
LOAD /opt/gcc-arm/bin/../lib/gcc/arm-none-eabi/10.3.1/thumb/v7e-m+fp/hard/libgcc.a
LOAD /opt/gcc-arm/bin/../lib/gcc/arm-none-eabi/10.3.1/../../../../arm-none-eabi/lib/thumb/v7e-m+fp/hard/libc_nano.a
END GROUP
START GROUP
LOAD /opt/gcc-arm/bin/../lib/gcc/arm-none-eabi/10.3.1/thumb/v7e-m+fp/hard/libgcc.a
LOAD /opt/gcc-arm/bin/../lib/gcc/arm-none-eabi/10.3.1/../../../../arm-none-eabi/lib/thumb/v7e-m+fp/hard/libc_nano.a
END GROUP
LOAD /opt/gcc-arm/bin/../lib/gcc/arm-none-eabi/10.3.1/thumb/v7e-m+fp/hard/crtend.o
LOAD /opt/gcc-arm/bin/../lib/gcc/arm-none-eabi/10.3.1/thumb/v7e-m+fp/hard/crtn.o
                0x0000000020018000                _estack = 0x20018000
                0x0000000000000400                _Min_Heap_Size = 0x400
                0x0000000000000200                _Min_Stack_Size = 0x200

.isr_vector     0x0000000008000000      0x18c
                0x0000000008000000                . = ALIGN (0x4)
 *(.isr_vector)
 .isr_vector    0x0000000008000000      0x18c stm32_startup.o
                0x0000000008000000                vectors
                0x000000000800018c                . = ALIGN (0x4)

.text           0x000000000800018c      0x278
                0x000000000800018c                . = ALIGN (0x4)
 *(.text)
 .text          0x000000000800018c        0x0 /opt/gcc-arm/bin/../lib/gcc/arm-none-eabi/10.3.1/thumb/v7e-m+fp/hard/crti.o
 .text          0x000000000800018c       0x40 /opt/gcc-arm/bin/../lib/gcc/arm-none-eabi/10.3.1/thumb/v7e-m+fp/hard/crtbegin.o
 .text          0x00000000080001cc       0x7c /opt/gcc-arm/bin/../lib/gcc/arm-none-eabi/10.3.1/../../../../arm-none-eabi/lib/thumb/v7e-m+fp/hard/crt0.o
                0x00000000080001cc                _stack_init
                0x00000000080001d4                _mainCRTStartup
                0x00000000080001d4                _start
 .text          0x0000000008000248       0x98 main.o
                0x0000000008000248                led_setup
                0x0000000008000288                main
 .text          0x00000000080002e0       0xa4 stm32_startup.o
                0x00000000080002e0                RTC_Alarm_IRQHandler
                0x00000000080002e0                EXTI2_IRQHandler
                0x00000000080002e0                TIM8_TRG_COM_IRQHandler
                0x00000000080002e0                TIM8_CC_IRQHandler
                0x00000000080002e0                DebugMon_Handler
                0x00000000080002e0                TIM1_CC_IRQHandler
                0x00000000080002e0                TSC_IRQHandler
                0x00000000080002e0                DMA2_Stream5_IRQHandler
                0x00000000080002e0                HardFault_Handler
                0x00000000080002e0                DMA1_Stream5_IRQHandler
                0x00000000080002e0                SysTick_Handler
                0x00000000080002e0                PVD_IRQHandler
                0x00000000080002e0                TAMP_STAMP_IRQHandler
                0x00000000080002e0                PendSV_Handler
                0x00000000080002e0                NMI_Handler
                0x00000000080002e0                EXTI3_IRQHandler
                0x00000000080002e0                LPTIM2_IRQHandler
                0x00000000080002e0                DFSDM1_FLT1_IRQHandler
                0x00000000080002e0                DFSDM1_FLT2_IRQHandler
                0x00000000080002e0                TIM6_DACUNDER_IRQHandler
                0x00000000080002e0                EXTI0_IRQHandler
                0x00000000080002e0                I2C2_EV_IRQHandler
                0x00000000080002e0                DMA1_Stream2_IRQHandler
                0x00000000080002e0                CAN1_RX0_IRQHandler
                0x00000000080002e0                FPU_IRQHandler
                0x00000000080002e0                TIM1_UP_TIM16_IRQHandler
                0x00000000080002e0                UsageFault_Handler
                0x00000000080002e0                ADC1_2_IRQHandler
                0x00000000080002e0                DMA2_Stream2_IRQHandler
                0x00000000080002e0                SPI1_IRQHandler
                0x00000000080002e0                TIM8_UP_IRQHandler
                0x00000000080002e0                DMA2_Stream3_IRQHandler
                0x00000000080002e0                SAI2_IRQHandler
                0x00000000080002e0                DFSDM1_FLT3_IRQHandler
                0x00000000080002e0                USART3_IRQHandler
                0x00000000080002e0                CAN1_RX1_IRQHandler
                0x00000000080002e0                LCD_IRQHandler
                0x00000000080002e0                UART5_IRQHandler
                0x00000000080002e0                ADC3_IRQHandler
                0x00000000080002e0                DMA2_Stream0_IRQHandler
                0x00000000080002e0                TIM4_IRQHandler
                0x00000000080002e0                QUADSPI_IRQHandler
                0x00000000080002e0                I2C1_EV_IRQHandler
                0x00000000080002e0                DMA1_Stream6_IRQHandler
                0x00000000080002e0                DMA1_Stream1_IRQHandler
                0x00000000080002e0                UART4_IRQHandler
                0x00000000080002e0                TIM3_IRQHandler
                0x00000000080002e0                RCC_IRQHandler
                0x00000000080002e0                Default_Handler
                0x00000000080002e0                EXTI15_10_IRQHandler
                0x00000000080002e0                DMA1_Stream7_IRQHandler
                0x00000000080002e0                TIM7_IRQHandler
                0x00000000080002e0                SDMMC1_IRQHandler
                0x00000000080002e0                TIM5_IRQHandler
                0x00000000080002e0                I2C3_EV_IRQHandler
                0x00000000080002e0                EXTI9_5_IRQHandler
                0x00000000080002e0                RTC_WKUP_IRQHandler
                0x00000000080002e0                SPI2_IRQHandler
                0x00000000080002e0                MemManage_Handler
                0x00000000080002e0                DMA1_Stream0_IRQHandler
                0x00000000080002e0                CAN1_TX_IRQHandler
                0x00000000080002e0                SVC_Handler
                0x00000000080002e0                EXTI4_IRQHandler
                0x00000000080002e0                RNG_IRQHandler
                0x00000000080002e0                TIM1_TRG_COM_TIM17_IRQHandler
                0x00000000080002e0                COMP_IRQHandler
                0x00000000080002e0                WWDG_IRQHandler
                0x00000000080002e0                LPUART1_IRQHandler
                0x00000000080002e0                TIM2_IRQHandler
                0x00000000080002e0                EXTI1_IRQHandler
                0x00000000080002e0                USART2_IRQHandler
                0x00000000080002e0                DFSDM1_FLT0_IRQHandler
                0x00000000080002e0                I2C2_ER_IRQHandler
                0x00000000080002e0                DMA2_Stream1_IRQHandler
                0x00000000080002e0                TIM8_BRK_IRQHandler
                0x00000000080002e0                CAN1_SCE_IRQHandler
                0x00000000080002e0                FLASH_IRQHandler
                0x00000000080002e0                DMA2_Stream4_IRQHandler
                0x00000000080002e0                BusFault_Handler
                0x00000000080002e0                USART1_IRQHandler
                0x00000000080002e0                OTG_FS_IRQHandler
                0x00000000080002e0                SPI3_IRQHandler
                0x00000000080002e0                DMA1_Stream4_IRQHandler
                0x00000000080002e0                I2C1_ER_IRQHandler
                0x00000000080002e0                FMC_IRQHandler
                0x00000000080002e0                SWPMI1_IRQHandler
                0x00000000080002e0                LPTIM1_IRQHandler
                0x00000000080002e0                DMA2_Stream6_IRQHandler
                0x00000000080002e0                SAI1_IRQHandler
                0x00000000080002e0                DMA1_Stream3_IRQHandler
                0x00000000080002e0                TIM1_BRK_TIM15_IRQHandler
                0x00000000080002e6                Reset_Handler
 .text          0x0000000008000384        0x0 /opt/gcc-arm/bin/../lib/gcc/arm-none-eabi/10.3.1/../../../../arm-none-eabi/lib/thumb/v7e-m+fp/hard/libc_nano.a(lib_a-exit.o)
 .text          0x0000000008000384        0x0 /opt/gcc-arm/bin/../lib/gcc/arm-none-eabi/10.3.1/../../../../arm-none-eabi/lib/thumb/v7e-m+fp/hard/libc_nano.a(lib_a-impure.o)
 .text          0x0000000008000384        0x0 /opt/gcc-arm/bin/../lib/gcc/arm-none-eabi/10.3.1/../../../../arm-none-eabi/lib/thumb/v7e-m+fp/hard/libc_nano.a(lib_a-init.o)
 .text          0x0000000008000384        0x0 /opt/gcc-arm/bin/../lib/gcc/arm-none-eabi/10.3.1/../../../../arm-none-eabi/lib/thumb/v7e-m+fp/hard/libc_nano.a(lib_a-memset.o)
 .text          0x0000000008000384        0x0 /opt/gcc-arm/bin/../lib/gcc/arm-none-eabi/10.3.1/thumb/v7e-m+fp/hard/crtend.o
 .text          0x0000000008000384        0x0 /opt/gcc-arm/bin/../lib/gcc/arm-none-eabi/10.3.1/thumb/v7e-m+fp/hard/crtn.o
 *(.text*)
 .text.exit     0x0000000008000384       0x28 /opt/gcc-arm/bin/../lib/gcc/arm-none-eabi/10.3.1/../../../../arm-none-eabi/lib/thumb/v7e-m+fp/hard/libc_nano.a(lib_a-exit.o)
                0x0000000008000384                exit
 .text.__libc_init_array
                0x00000000080003ac       0x48 /opt/gcc-arm/bin/../lib/gcc/arm-none-eabi/10.3.1/../../../../arm-none-eabi/lib/thumb/v7e-m+fp/hard/libc_nano.a(lib_a-init.o)
                0x00000000080003ac                __libc_init_array
 .text.memset   0x00000000080003f4       0x10 /opt/gcc-arm/bin/../lib/gcc/arm-none-eabi/10.3.1/../../../../arm-none-eabi/lib/thumb/v7e-m+fp/hard/libc_nano.a(lib_a-memset.o)
                0x00000000080003f4                memset
                0x0000000008000404                . = ALIGN (0x4)
                0x0000000008000404                _etext = .

.glue_7         0x0000000008000404        0x0
 .glue_7        0x0000000008000404        0x0 linker stubs

.glue_7t        0x0000000008000404        0x0
 .glue_7t       0x0000000008000404        0x0 linker stubs

.vfp11_veneer   0x0000000008000404        0x0
 .vfp11_veneer  0x0000000008000404        0x0 linker stubs

.v4_bx          0x0000000008000404        0x0
 .v4_bx         0x0000000008000404        0x0 linker stubs

.init           0x0000000008000404        0xc
 .init          0x0000000008000404        0x4 /opt/gcc-arm/bin/../lib/gcc/arm-none-eabi/10.3.1/thumb/v7e-m+fp/hard/crti.o
                0x0000000008000404                _init
 .init          0x0000000008000408        0x8 /opt/gcc-arm/bin/../lib/gcc/arm-none-eabi/10.3.1/thumb/v7e-m+fp/hard/crtn.o

.fini           0x0000000008000410        0xc
 .fini          0x0000000008000410        0x4 /opt/gcc-arm/bin/../lib/gcc/arm-none-eabi/10.3.1/thumb/v7e-m+fp/hard/crti.o
                0x0000000008000410                _fini
 .fini          0x0000000008000414        0x8 /opt/gcc-arm/bin/../lib/gcc/arm-none-eabi/10.3.1/thumb/v7e-m+fp/hard/crtn.o

.iplt           0x000000000800041c        0x0
 .iplt          0x000000000800041c        0x0 /opt/gcc-arm/bin/../lib/gcc/arm-none-eabi/10.3.1/thumb/v7e-m+fp/hard/crtbegin.o

.rodata         0x000000000800041c       0x4c
                0x000000000800041c                . = ALIGN (0x4)
 *(.rodata)
 .rodata        0x000000000800041c       0x24 /opt/gcc-arm/bin/../lib/gcc/arm-none-eabi/10.3.1/thumb/v7e-m+fp/hard/crtbegin.o
 .rodata        0x0000000008000440       0x24 /opt/gcc-arm/bin/../lib/gcc/arm-none-eabi/10.3.1/thumb/v7e-m+fp/hard/crtend.o
 *(.rodata*)
 .rodata._global_impure_ptr
                0x0000000008000464        0x4 /opt/gcc-arm/bin/../lib/gcc/arm-none-eabi/10.3.1/../../../../arm-none-eabi/lib/thumb/v7e-m+fp/hard/libc_nano.a(lib_a-impure.o)
                0x0000000008000464                _global_impure_ptr
                0x0000000008000468                . = ALIGN (0x4)
                0x0000000008000474                _la_data = LOADADDR (.data)

.eh_frame       0x0000000008000468        0x4
 .eh_frame      0x0000000008000468        0x0 /opt/gcc-arm/bin/../lib/gcc/arm-none-eabi/10.3.1/thumb/v7e-m+fp/hard/crtbegin.o
 .eh_frame      0x0000000008000468        0x4 /opt/gcc-arm/bin/../lib/gcc/arm-none-eabi/10.3.1/thumb/v7e-m+fp/hard/crtend.o

.ARM.extab      0x000000000800046c        0x0
 .ARM.extab     0x000000000800046c        0x0 /opt/gcc-arm/bin/../lib/gcc/arm-none-eabi/10.3.1/../../../../arm-none-eabi/lib/thumb/v7e-m+fp/hard/crt0.o

.ARM.exidx      0x000000000800046c        0x8
 .ARM.exidx     0x000000000800046c        0x8 /opt/gcc-arm/bin/../lib/gcc/arm-none-eabi/10.3.1/../../../../arm-none-eabi/lib/thumb/v7e-m+fp/hard/crt0.o
                                         0x10 (size before relaxing)

.rel.dyn        0x0000000008000474        0x0
 .rel.iplt      0x0000000008000474        0x0 /opt/gcc-arm/bin/../lib/gcc/arm-none-eabi/10.3.1/thumb/v7e-m+fp/hard/crtbegin.o

.data           0x0000000020000000       0x68 load address 0x0000000008000474
                0x0000000020000000                . = ALIGN (0x4)
                0x0000000020000000                _sdata = .
 *(.data)
 .data          0x0000000020000000        0x0 /opt/gcc-arm/bin/../lib/gcc/arm-none-eabi/10.3.1/thumb/v7e-m+fp/hard/crti.o
 .data          0x0000000020000000        0x4 /opt/gcc-arm/bin/../lib/gcc/arm-none-eabi/10.3.1/thumb/v7e-m+fp/hard/crtbegin.o
                0x0000000020000000                __dso_handle
 .data          0x0000000020000004        0x0 /opt/gcc-arm/bin/../lib/gcc/arm-none-eabi/10.3.1/../../../../arm-none-eabi/lib/thumb/v7e-m+fp/hard/crt0.o
 .data          0x0000000020000004        0x0 main.o
 .data          0x0000000020000004        0x0 stm32_startup.o
 .data          0x0000000020000004        0x0 /opt/gcc-arm/bin/../lib/gcc/arm-none-eabi/10.3.1/../../../../arm-none-eabi/lib/thumb/v7e-m+fp/hard/libc_nano.a(lib_a-exit.o)
 .data          0x0000000020000004        0x0 /opt/gcc-arm/bin/../lib/gcc/arm-none-eabi/10.3.1/../../../../arm-none-eabi/lib/thumb/v7e-m+fp/hard/libc_nano.a(lib_a-impure.o)
 .data          0x0000000020000004        0x0 /opt/gcc-arm/bin/../lib/gcc/arm-none-eabi/10.3.1/../../../../arm-none-eabi/lib/thumb/v7e-m+fp/hard/libc_nano.a(lib_a-init.o)
 .data          0x0000000020000004        0x0 /opt/gcc-arm/bin/../lib/gcc/arm-none-eabi/10.3.1/../../../../arm-none-eabi/lib/thumb/v7e-m+fp/hard/libc_nano.a(lib_a-memset.o)
 .data          0x0000000020000004        0x0 /opt/gcc-arm/bin/../lib/gcc/arm-none-eabi/10.3.1/thumb/v7e-m+fp/hard/crtend.o
 .data          0x0000000020000004        0x0 /opt/gcc-arm/bin/../lib/gcc/arm-none-eabi/10.3.1/thumb/v7e-m+fp/hard/crtn.o
 *(.data*)
 .data._impure_ptr
                0x0000000020000004        0x4 /opt/gcc-arm/bin/../lib/gcc/arm-none-eabi/10.3.1/../../../../arm-none-eabi/lib/thumb/v7e-m+fp/hard/libc_nano.a(lib_a-impure.o)
                0x0000000020000004                _impure_ptr
 .data.impure_data
                0x0000000020000008       0x60 /opt/gcc-arm/bin/../lib/gcc/arm-none-eabi/10.3.1/../../../../arm-none-eabi/lib/thumb/v7e-m+fp/hard/libc_nano.a(lib_a-impure.o)
                0x0000000020000068                . = ALIGN (0x4)
                0x0000000020000068                _edata = .

.init_array     0x0000000020000068        0x4 load address 0x00000000080004dc
 .init_array    0x0000000020000068        0x4 /opt/gcc-arm/bin/../lib/gcc/arm-none-eabi/10.3.1/thumb/v7e-m+fp/hard/crtbegin.o

.fini_array     0x000000002000006c        0x4 load address 0x00000000080004e0
 .fini_array    0x000000002000006c        0x4 /opt/gcc-arm/bin/../lib/gcc/arm-none-eabi/10.3.1/thumb/v7e-m+fp/hard/crtbegin.o

.igot.plt       0x0000000020000070        0x0 load address 0x00000000080004e4
 .igot.plt      0x0000000020000070        0x0 /opt/gcc-arm/bin/../lib/gcc/arm-none-eabi/10.3.1/thumb/v7e-m+fp/hard/crtbegin.o

.bss            0x0000000020000070       0x1c load address 0x00000000080004e4
                0x0000000020000070                . = ALIGN (0x4)
                0x0000000020000070                _sbss = .
                0x0000000020000070                __bss_start__ = _sbss
 *(.bss)
 .bss           0x0000000020000070        0x0 /opt/gcc-arm/bin/../lib/gcc/arm-none-eabi/10.3.1/thumb/v7e-m+fp/hard/crti.o
 .bss           0x0000000020000070       0x1c /opt/gcc-arm/bin/../lib/gcc/arm-none-eabi/10.3.1/thumb/v7e-m+fp/hard/crtbegin.o
 .bss           0x000000002000008c        0x0 /opt/gcc-arm/bin/../lib/gcc/arm-none-eabi/10.3.1/../../../../arm-none-eabi/lib/thumb/v7e-m+fp/hard/crt0.o
 .bss           0x000000002000008c        0x0 main.o
 .bss           0x000000002000008c        0x0 stm32_startup.o
 .bss           0x000000002000008c        0x0 /opt/gcc-arm/bin/../lib/gcc/arm-none-eabi/10.3.1/../../../../arm-none-eabi/lib/thumb/v7e-m+fp/hard/libc_nano.a(lib_a-exit.o)
 .bss           0x000000002000008c        0x0 /opt/gcc-arm/bin/../lib/gcc/arm-none-eabi/10.3.1/../../../../arm-none-eabi/lib/thumb/v7e-m+fp/hard/libc_nano.a(lib_a-impure.o)
 .bss           0x000000002000008c        0x0 /opt/gcc-arm/bin/../lib/gcc/arm-none-eabi/10.3.1/../../../../arm-none-eabi/lib/thumb/v7e-m+fp/hard/libc_nano.a(lib_a-init.o)
 .bss           0x000000002000008c        0x0 /opt/gcc-arm/bin/../lib/gcc/arm-none-eabi/10.3.1/../../../../arm-none-eabi/lib/thumb/v7e-m+fp/hard/libc_nano.a(lib_a-memset.o)
 .bss           0x000000002000008c        0x0 /opt/gcc-arm/bin/../lib/gcc/arm-none-eabi/10.3.1/thumb/v7e-m+fp/hard/crtend.o
 .bss           0x000000002000008c        0x0 /opt/gcc-arm/bin/../lib/gcc/arm-none-eabi/10.3.1/thumb/v7e-m+fp/hard/crtn.o
 *(.bss*)
 *(COMMON)
                0x000000002000008c                . = ALIGN (0x4)
                0x000000002000008c                _ebss = .
                0x000000002000008c                __bss_end__ = _ebss

.dynamic_allocations
                0x000000002000008c      0x200 load address 0x00000000080004e4
                0x000000002000008c                . = ALIGN (0x4)
                0x000000002000008c                _ssystem_ram = .
                0x000000002000008c                end = .
                0x000000002000008c                _end = .
                0x000000002000008c                __end__ = .
                0x000000002000028c                . = (. + _Min_Stack_Size)
 *fill*         0x000000002000008c      0x200 
                0x000000002000028c                . = ALIGN (0x4)
                0x000000002000028c                _esystem_ram = .
OUTPUT(final.elf elf32-littlearm)
LOAD linker stubs

.ARM.attributes
                0x0000000000000000       0x30
 .ARM.attributes
                0x0000000000000000       0x1e /opt/gcc-arm/bin/../lib/gcc/arm-none-eabi/10.3.1/thumb/v7e-m+fp/hard/crti.o
 .ARM.attributes
                0x000000000000001e       0x34 /opt/gcc-arm/bin/../lib/gcc/arm-none-eabi/10.3.1/thumb/v7e-m+fp/hard/crtbegin.o
 .ARM.attributes
                0x0000000000000052       0x1c /opt/gcc-arm/bin/../lib/gcc/arm-none-eabi/10.3.1/../../../../arm-none-eabi/lib/thumb/v7e-m+fp/hard/crt0.o
 .ARM.attributes
                0x000000000000006e       0x34 main.o
 .ARM.attributes
                0x00000000000000a2       0x34 stm32_startup.o
 .ARM.attributes
                0x00000000000000d6       0x34 /opt/gcc-arm/bin/../lib/gcc/arm-none-eabi/10.3.1/../../../../arm-none-eabi/lib/thumb/v7e-m+fp/hard/libc_nano.a(lib_a-exit.o)
 .ARM.attributes
                0x000000000000010a       0x34 /opt/gcc-arm/bin/../lib/gcc/arm-none-eabi/10.3.1/../../../../arm-none-eabi/lib/thumb/v7e-m+fp/hard/libc_nano.a(lib_a-impure.o)
 .ARM.attributes
                0x000000000000013e       0x34 /opt/gcc-arm/bin/../lib/gcc/arm-none-eabi/10.3.1/../../../../arm-none-eabi/lib/thumb/v7e-m+fp/hard/libc_nano.a(lib_a-init.o)
 .ARM.attributes
                0x0000000000000172       0x34 /opt/gcc-arm/bin/../lib/gcc/arm-none-eabi/10.3.1/../../../../arm-none-eabi/lib/thumb/v7e-m+fp/hard/libc_nano.a(lib_a-memset.o)
 .ARM.attributes
                0x00000000000001a6       0x34 /opt/gcc-arm/bin/../lib/gcc/arm-none-eabi/10.3.1/thumb/v7e-m+fp/hard/crtend.o
 .ARM.attributes
                0x00000000000001da       0x1e /opt/gcc-arm/bin/../lib/gcc/arm-none-eabi/10.3.1/thumb/v7e-m+fp/hard/crtn.o

.comment        0x0000000000000000       0x49
 .comment       0x0000000000000000       0x49 main.o
                                         0x4a (size before relaxing)
 .comment       0x0000000000000049       0x4a stm32_startup.o

.debug_info     0x0000000000000000      0x26c
 .debug_info    0x0000000000000000       0xe9 main.o
 .debug_info    0x00000000000000e9      0x183 stm32_startup.o

.debug_abbrev   0x0000000000000000      0x188
 .debug_abbrev  0x0000000000000000       0x8e main.o
 .debug_abbrev  0x000000000000008e       0xfa stm32_startup.o

.debug_aranges  0x0000000000000000       0x40
 .debug_aranges
                0x0000000000000000       0x20 main.o
 .debug_aranges
                0x0000000000000020       0x20 stm32_startup.o

.debug_macro    0x0000000000000000     0x1b94
 .debug_macro   0x0000000000000000      0x1cb main.o
 .debug_macro   0x00000000000001cb      0xa6c main.o
 .debug_macro   0x0000000000000c37       0x22 main.o
 .debug_macro   0x0000000000000c59       0x56 main.o
 .debug_macro   0x0000000000000caf       0x51 main.o
 .debug_macro   0x0000000000000d00      0x103 main.o
 .debug_macro   0x0000000000000e03       0x6a main.o
 .debug_macro   0x0000000000000e6d      0x1df main.o
 .debug_macro   0x000000000000104c       0x64 main.o
 .debug_macro   0x00000000000010b0       0x1e main.o
 .debug_macro   0x00000000000010ce       0x35 main.o
 .debug_macro   0x0000000000001103       0x34 main.o
 .debug_macro   0x0000000000001137       0x16 main.o
 .debug_macro   0x000000000000114d       0x97 main.o
 .debug_macro   0x00000000000011e4      0x341 main.o
 .debug_macro   0x0000000000001525       0xfd main.o
 .debug_macro   0x0000000000001622       0x10 main.o
 .debug_macro   0x0000000000001632       0x16 main.o
 .debug_macro   0x0000000000001648       0x43 main.o
 .debug_macro   0x000000000000168b       0x34 main.o
 .debug_macro   0x00000000000016bf       0x10 main.o
 .debug_macro   0x00000000000016cf       0x58 main.o
 .debug_macro   0x0000000000001727      0x182 main.o
 .debug_macro   0x00000000000018a9       0xbe main.o
 .debug_macro   0x0000000000001967       0x16 main.o
 .debug_macro   0x000000000000197d      0x129 main.o
 .debug_macro   0x0000000000001aa6       0x16 main.o
 .debug_macro   0x0000000000001abc       0x35 main.o
 .debug_macro   0x0000000000001af1       0x22 main.o
 .debug_macro   0x0000000000001b13       0x81 stm32_startup.o

.debug_line     0x0000000000000000      0x426
 .debug_line    0x0000000000000000      0x255 main.o
 .debug_line    0x0000000000000255      0x1d1 stm32_startup.o

.debug_str      0x0000000000000000     0x6f54
 .debug_str     0x0000000000000000     0x6e59 main.o
                                       0x7048 (size before relaxing)
 .debug_str     0x0000000000006e59       0xfb stm32_startup.o
                                       0x3bfe (size before relaxing)

.debug_frame    0x0000000000000000      0x110
 .debug_frame   0x0000000000000000       0x50 main.o
 .debug_frame   0x0000000000000050       0x4c stm32_startup.o
 .debug_frame   0x000000000000009c       0x28 /opt/gcc-arm/bin/../lib/gcc/arm-none-eabi/10.3.1/../../../../arm-none-eabi/lib/thumb/v7e-m+fp/hard/libc_nano.a(lib_a-exit.o)
 .debug_frame   0x00000000000000c4       0x2c /opt/gcc-arm/bin/../lib/gcc/arm-none-eabi/10.3.1/../../../../arm-none-eabi/lib/thumb/v7e-m+fp/hard/libc_nano.a(lib_a-init.o)
 .debug_frame   0x00000000000000f0       0x20 /opt/gcc-arm/bin/../lib/gcc/arm-none-eabi/10.3.1/../../../../arm-none-eabi/lib/thumb/v7e-m+fp/hard/libc_nano.a(lib_a-memset.o)
